 Abaqus/Standard 2023                  DATE 23-May-2025 TIME 08:14:32
 SUMMARY OF JOB INFORMATION:
 STEP  INC ATT SEVERE EQUIL TOTAL  TOTAL      STEP       INC OF       DOF    IF
               DISCON ITERS ITERS  TIME/    TIME/LPF    TIME/LPF    MONITOR RIKS
               ITERS               FREQ
   1     1   1     0     3     3  1.00       1.00       1.000     
   1     2   1     0     4     4  2.00       2.00       1.000     
   1     3   1     0     2     2  3.50       3.50       1.500     
   1     4   1     0     2     2  5.75       5.75       2.250     
   1     5   1     0     1     1  9.12       9.12       3.375     
   1     6   1     0     1     1  14.2       14.2       5.062     
   1     7   1     0     2     2  21.8       21.8       7.594     
   1     8   1     0     2     2  31.8       31.8       10.00     
   1     9   1     0     2     2  41.8       41.8       10.00     
   1    10   1     0     2     2  51.8       51.8       10.00     
   1    11   1     0     2     2  61.8       61.8       10.00     
   1    12   1     0     2     2  71.8       71.8       10.00     
   1    13   1     0     2     2  81.8       81.8       10.00     
   1    14   1     0     2     2  91.8       91.8       10.00     
   1    15   1     0     2     2  102.       102.       10.00     
   1    16   1     0     2     2  112.       112.       10.00     
   1    17   1     0     2     2  122.       122.       10.00     
   1    18   1     0     2     2  132.       132.       10.00     
   1    19   1     0     2     2  142.       142.       10.00     
   1    20   1     0     2     2  152.       152.       10.00     
   1    21   1     0     2     2  162.       162.       10.00     
   1    22   1     0     2     2  172.       172.       10.00     
   1    23   1     0     2     2  182.       182.       10.00     
   1    24   1     0     2     2  192.       192.       10.00     
   1    25   1     0     2     2  202.       202.       10.00     
   1    26   1     0     2     2  212.       212.       10.00     
   1    27   1     0     2     2  222.       222.       10.00     
   1    28   1     0     2     2  232.       232.       10.00     
   1    29   1     0     1     1  236.       236.       4.419     
                          
 THE ANALYSIS HAS COMPLETED SUCCESSFULLY
