 Abaqus/Standard 2023                  DATE 23-May-2025 TIME 08:14:32
 SUMMARY OF JOB INFORMATION:
 STEP  INC ATT SEVERE EQUIL TOTAL  TOTAL      STEP       INC OF       DOF    IF
               DISCON ITERS ITERS  TIME/    TIME/LPF    TIME/LPF    MONITOR RIKS
               ITERS               FREQ
   1     1   1U    0     4     4  0.00       0.00       1.000     
   1     1   2     0     2     2  0.250      0.250      0.2500    
   1     2   1     0     6     6  0.500      0.500      0.2500    
   1     3   1     0     4     4  0.750      0.750      0.2500    
   1     4   1     0     2     2  1.00       1.00       0.2500    
   1     5   1     0     2     2  1.38       1.38       0.3750    
   1     6   1     0     2     2  1.94       1.94       0.5625    
   1     7   1     0     2     2  2.78       2.78       0.8438    
   1     8   1     0     2     2  4.05       4.05       1.266     
   1     9   1     0     2     2  5.95       5.95       1.898     
   1    10   1     0     2     2  8.79       8.79       2.848     
   1    11   1     0     2     2  13.1       13.1       4.271     
   1    12   1     0     2     2  19.5       19.5       6.407     
   1    13   1     0     2     2  29.1       29.1       9.611     
   1    14   1     0     2     2  39.1       39.1       10.00     
   1    15   1     0     2     2  49.1       49.1       10.00     
   1    16   1     0     2     2  59.1       59.1       10.00     
   1    17   1     0     2     2  69.1       69.1       10.00     
   1    18   1     0     2     2  79.1       79.1       10.00     
   1    19   1     0     2     2  89.1       89.1       10.00     
   1    20   1     0     2     2  99.1       99.1       10.00     
   1    21   1     0     2     2  109.       109.       10.00     
   1    22   1     0     2     2  119.       119.       10.00     
   1    23   1     0     2     2  129.       129.       10.00     
   1    24   1     0     2     2  139.       139.       10.00     
   1    25   1     0     2     2  149.       149.       10.00     
   1    26   1     0     2     2  159.       159.       10.00     
   1    27   1     0     2     2  169.       169.       10.00     
   1    28   1     0     2     2  179.       179.       10.00     
   1    29   1     0     2     2  189.       189.       10.00     
   1    30   1     0     2     2  199.       199.       10.00     
   1    31   1     0     2     2  209.       209.       10.00     
   1    32   1     0     2     2  219.       219.       10.00     
   1    33   1     0     2     2  229.       229.       10.00     
   1    34   1     0     1     1  236.       236.       7.117     
                          
 THE ANALYSIS HAS COMPLETED SUCCESSFULLY
