 Abaqus/Standard 2023                  DATE 23-May-2025 TIME 08:14:31
 SUMMARY OF JOB INFORMATION:
 STEP  INC ATT SEVERE EQUIL TOTAL  TOTAL      STEP       INC OF       DOF    IF
               DISCON ITERS ITERS  TIME/    TIME/LPF    TIME/LPF    MONITOR RIKS
               ITERS               FREQ
   1     1   1     0     2     2  1.00       1.00       1.000     
   1     2   1     0     2     2  2.00       2.00       1.000     
   1     3   1     0     5     5  3.50       3.50       1.500     
   1     4   1     0     2     2  5.00       5.00       1.500     
   1     5   1     0     2     2  6.50       6.50       1.500     
   1     6   1     0     2     2  8.75       8.75       2.250     
   1     7   1     0     2     2  12.1       12.1       3.375     
   1     8   1     0     2     2  17.2       17.2       5.062     
   1     9   1     0     2     2  24.8       24.8       7.594     
   1    10   1     0     2     2  34.8       34.8       10.00     
   1    11   1     0     2     2  44.8       44.8       10.00     
   1    12   1     0     2     2  54.8       54.8       10.00     
   1    13   1     0     2     2  64.8       64.8       10.00     
   1    14   1     0     2     2  74.8       74.8       10.00     
   1    15   1     0     2     2  84.8       84.8       10.00     
   1    16   1     0     2     2  94.8       94.8       10.00     
   1    17   1     0     2     2  105.       105.       10.00     
   1    18   1     0     2     2  115.       115.       10.00     
   1    19   1     0     2     2  125.       125.       10.00     
   1    20   1     0     2     2  135.       135.       10.00     
   1    21   1     0     2     2  145.       145.       10.00     
   1    22   1     0     2     2  155.       155.       10.00     
   1    23   1     0     2     2  165.       165.       10.00     
   1    24   1     0     2     2  175.       175.       10.00     
   1    25   1     0     2     2  185.       185.       10.00     
   1    26   1     0     2     2  195.       195.       10.00     
   1    27   1     0     2     2  205.       205.       10.00     
   1    28   1     0     2     2  215.       215.       10.00     
   1    29   1     0     2     2  225.       225.       10.00     
   1    30   1     0     2     2  235.       235.       10.00     
   1    31   1     0     1     1  236.       236.       1.419     
                          
 THE ANALYSIS HAS COMPLETED SUCCESSFULLY
