1
0
1
ASSEMBLY
1
PART-1-1
PART-1
1
PART-1-1
14
-2147483646
0
48 1 16 5 0 1 0 -1 -1 6969 1 -1879048189 1 6969 
14
48 1 16 5 0 1 0 -1 -1 6969 1 -1879048189 1 6969 
0
1
PART-1-1
14
-2147483646
0
48 1 16 5 0 1 0 -1 -1 6094 1 -1879048189 1 6094 
14
48 1 16 5 0 1 0 -1 -1 6094 1 -1879048189 1 6094 
0
3
SET-2
0
1
0
1
PART-1-1
14
-2147483647
48 1 16 5 0 1 0 -1 -1 6094 1 -1879048189 1 6094 
0
SET-3
0
1
0
1
PART-1-1
14
-2147483647
48 1 16 5 0 1 0 -1 -1 277 1 -1879048189 5818 277 
0
_PICKEDSET6
0
2
0
1
PART-1-1
14
-2147483647
48 1 16 5 0 1 0 -1 -1 277 1 -1879048189 2771 277 
0
1
PART-1-1
4
SET-1
0
1
100
1 3 4 6 8 10 11 13 14 15 16 17 18 19 24 26 29 30 31 32 33 34 35 37 39 40 43 44 45 48 49 50 51 52 54 55 56 58 60 64 71 72 76 77 81 103 104 105 106 108 3048 3050 3051 3053 3055 3057 3058 3060 3061 3062 3063 3064 3065 3066 3071 3073 3076 3077 3078 3079 3080 3081 3082 3084 3086 3087 3090 3091 3092 3095 3096 3097 3098 3099 3101 3102 3103 3105 3107 3111 3118 3119 3123 3124 3128 3150 3151 3152 3153 3155 
0
0
SET-BASE
0
1
50
2771 2773 2774 2776 2778 2780 2781 2783 2784 2785 2786 2787 2788 2789 2794 2796 2799 2800 2801 2802 2803 2804 2805 2807 2809 2810 2813 2814 2815 2818 2819 2820 2821 2822 2824 2825 2826 2828 2830 2834 2841 2842 2846 2847 2851 2873 2874 2875 2876 2878 
0
0
SET-TOP
0
1
50
5818 5820 5821 5823 5825 5827 5828 5830 5831 5832 5833 5834 5835 5836 5841 5843 5846 5847 5848 5849 5850 5851 5852 5854 5856 5857 5860 5861 5862 5865 5866 5867 5868 5869 5871 5872 5873 5875 5877 5881 5888 5889 5893 5894 5898 5920 5921 5922 5923 5925 
0
0
_PICKEDSET4
0
2
14
-2147483647
48 1 16 5 0 1 0 -1 -1 6094 1 -1879048189 1 6094 
0
0
0
3
SET-2
0
1
0
1
PART-1-1
14
-2147483647
48 1 16 5 0 1 0 -1 -1 6969 1 -1879048189 1 6969 
0
SET-3
0
1
0
1
PART-1-1
20
-2147483647
72 1 16 11 0 1 0 -1 -1 303 3 -1879048187 -1879048185 -1879048183 3 1 102 49 1157 253 
0
_PICKEDSET6
0
2
0
1
PART-1-1
20
-2147483647
72 1 16 11 0 1 0 -1 -1 303 3 -1879048187 -1879048185 -1879048183 2 1 53 49 404 253 
0
1
PART-1-1
4
SET-1
0
1
50
1 4 5 6 7 8 9 10 11 12 13 14 15 16 17 18 19 20 21 22 23 24 25 26 27 28 29 30 31 32 33 34 35 36 37 38 39 40 41 42 43 44 45 46 47 48 49 50 51 52 
0
0
SET-BASE
0
1
50
2 53 54 55 56 57 58 59 60 61 62 63 64 65 66 67 68 69 70 71 72 73 74 75 76 77 78 79 80 81 82 83 84 85 86 87 88 89 90 91 92 93 94 95 96 97 98 99 100 101 
0
0
SET-TOP
0
1
50
3 102 103 104 105 106 107 108 109 110 111 112 113 114 115 116 117 118 119 120 121 122 123 124 125 126 127 128 129 130 131 132 133 134 135 136 137 138 139 140 141 142 143 144 145 146 147 148 149 150 
0
0
_PICKEDSET4
0
2
14
-2147483647
48 1 16 5 0 1 0 -1 -1 6969 1 -1879048189 1 6969 
0
0
0
0
0
