 Abaqus/Standard 2023                  DATE 23-May-2025 TIME 08:14:32
 SUMMARY OF JOB INFORMATION:
 STEP  INC ATT SEVERE EQUIL TOTAL  TOTAL      STEP       INC OF       DOF    IF
               DISCON ITERS ITERS  TIME/    TIME/LPF    TIME/LPF    MONITOR RIKS
               ITERS               FREQ
   1     1   1     0     3     3  1.00       1.00       1.000     
   1     2   1     0     5     5  2.00       2.00       1.000     
   1     3   1     0     2     2  3.00       3.00       1.000     
   1     4   1     0     2     2  4.00       4.00       1.000     
   1     5   1     0     2     2  5.50       5.50       1.500     
   1     6   1     0     2     2  7.75       7.75       2.250     
   1     7   1     0     2     2  11.1       11.1       3.375     
   1     8   1     0     2     2  16.2       16.2       5.062     
   1     9   1     0     2     2  23.8       23.8       7.594     
   1    10   1     0     2     2  33.8       33.8       10.00     
   1    11   1     0     2     2  43.8       43.8       10.00     
   1    12   1     0     2     2  53.8       53.8       10.00     
   1    13   1     0     2     2  63.8       63.8       10.00     
   1    14   1     0     2     2  73.8       73.8       10.00     
   1    15   1     0     2     2  83.8       83.8       10.00     
   1    16   1     0     2     2  93.8       93.8       10.00     
   1    17   1     0     2     2  104.       104.       10.00     
   1    18   1     0     2     2  114.       114.       10.00     
   1    19   1     0     2     2  124.       124.       10.00     
   1    20   1     0     2     2  134.       134.       10.00     
   1    21   1     0     2     2  144.       144.       10.00     
   1    22   1     0     2     2  154.       154.       10.00     
   1    23   1     0     2     2  164.       164.       10.00     
   1    24   1     0     2     2  174.       174.       10.00     
   1    25   1     0     2     2  184.       184.       10.00     
   1    26   1     0     2     2  194.       194.       10.00     
   1    27   1     0     2     2  204.       204.       10.00     
   1    28   1     0     2     2  214.       214.       10.00     
   1    29   1     0     2     2  224.       224.       10.00     
   1    30   1     0     2     2  234.       234.       10.00     
   1    31   1     0     1     1  236.       236.       2.419     
                          
 THE ANALYSIS HAS COMPLETED SUCCESSFULLY
