 Abaqus/Standard 2023                  DATE 23-May-2025 TIME 09:33:33
 SUMMARY OF JOB INFORMATION:
 STEP  INC ATT SEVERE EQUIL TOTAL  TOTAL      STEP       INC OF       DOF    IF
               DISCON ITERS ITERS  TIME/    TIME/LPF    TIME/LPF    MONITOR RIKS
               ITERS               FREQ
   1     1   1U    0     5     5  0.00       0.00       1.000     
   1     1   2U    0     4     4  0.00       0.00       0.2500    
   1     1   3     0     6     6  0.0625     0.0625     0.06250   
   1     2   1     0     5     5  0.125      0.125      0.06250   
   1     3   1     0     2     2  0.188      0.188      0.06250   
   1     4   1     0     2     2  0.250      0.250      0.06250   
   1     5   1     0     2     2  0.344      0.344      0.09375   
   1     6   1     0     2     2  0.484      0.484      0.1406    
   1     7   1     0     2     2  0.695      0.695      0.2109    
   1     8   1     0     2     2  1.01       1.01       0.3164    
   1     9   1     0     2     2  1.49       1.49       0.4746    
   1    10   1     0     2     2  2.20       2.20       0.7119    
   1    11   1     0     2     2  3.27       3.27       1.068     
   1    12   1     0     3     3  4.87       4.87       1.602     
   1    13   1     0     2     2  7.27       7.27       2.403     
   1    14   1     0     2     2  10.9       10.9       3.604     
   1    15   1     0     2     2  16.3       16.3       5.406     
   1    16   1     0     2     2  24.4       24.4       8.109     
   1    17   1     0     2     2  34.4       34.4       10.00     
   1    18   1     0     2     2  44.4       44.4       10.00     
   1    19   1     0     2     2  54.4       54.4       10.00     
   1    20   1     0     2     2  64.4       64.4       10.00     
   1    21   1     0     2     2  74.4       74.4       10.00     
   1    22   1     0     2     2  84.4       84.4       10.00     
   1    23   1     0     2     2  94.4       94.4       10.00     
   1    24   1     0     2     2  104.       104.       10.00     
   1    25   1     0     2     2  114.       114.       10.00     
   1    26   1     0     2     2  124.       124.       10.00     
   1    27   1     0     2     2  134.       134.       10.00     
   1    28   1     0     2     2  144.       144.       10.00     
   1    29   1     0     2     2  154.       154.       10.00     
   1    30   1     0     2     2  164.       164.       10.00     
   1    31   1     0     2     2  174.       174.       10.00     
   1    32   1     0     2     2  184.       184.       10.00     
   1    33   1     0     2     2  194.       194.       10.00     
   1    34   1     0     2     2  204.       204.       10.00     
   1    35   1     0     2     2  214.       214.       10.00     
   1    36   1     0     2     2  224.       224.       10.00     
   1    37   1     0     2     2  234.       234.       10.00     
   1    38   1     0     1     1  236.       236.       1.810     
                          
 THE ANALYSIS HAS COMPLETED SUCCESSFULLY
