Loading modules...
Job ID: 3231564, Array Task ID: 10
Parameters for Task 10:
A=1.3e+08, B=4.98e+08, N=0.1, C=0.0001, M=2.5
Parameters for Task 10:
C=0.0001
Creating working directory: run_10
Substituting parameters into job.inp...
Current directory: /scratch/knecht/JC_Ensemble/run_10
Starting Abaqus simulation: job
Analysis initiated from SIMULIA established products
Abaqus JOB job
Abaqus 2023
Begin Analysis Input File Processor
Thu 22 May 2025 05:11:31 PM EDT
Run pre
Thu 22 May 2025 05:11:38 PM EDT
End Analysis Input File Processor
Begin Abaqus/Standard Analysis
Thu 22 May 2025 05:11:38 PM EDT
Run standard
Thu 22 May 2025 05:12:36 PM EDT
End Abaqus/Standard Analysis
Begin SIM Wrap-up
Thu 22 May 2025 05:12:36 PM EDT
Run SMASimUtility
Thu 22 May 2025 05:12:37 PM EDT
End SIM Wrap-up
Abaqus JOB job COMPLETED
Running Python script: /scratch/knecht/Johnson_Cook/extract_curves1.py on job.odb
Processing step: Ramp
 Frame 1/30
 Frame 2/30
 Frame 3/30
 Frame 4/30
 Frame 5/30
 Frame 6/30
 Frame 7/30
 Frame 8/30
 Frame 9/30
 Frame 10/30
 Frame 11/30
 Frame 12/30
 Frame 13/30
 Frame 14/30
 Frame 15/30
 Frame 16/30
 Frame 17/30
 Frame 18/30
 Frame 19/30
 Frame 20/30
 Frame 21/30
 Frame 22/30
 Frame 23/30
 Frame 24/30
 Frame 25/30
 Frame 26/30
 Frame 27/30
 Frame 28/30
 Frame 29/30
 Frame 30/30
Wrote JSON to curve.json
Python script executed successfully. Output: curve.json
Task 10 completed.
