Loading modules...
Job ID: 3081774, Array Task ID: 13
Parameters for Task 13:
A=1.3e+08, B=4.98e+08, N=0.5195, C=0.0001, M=1
Parameters for Task 13:
C=0.0001
Creating working directory: run_13
Substituting parameters into job.inp...
Current directory: /scratch/knecht/JC_Ensemble/run_13
Starting Abaqus simulation: job
Analysis initiated from SIMULIA established products
Abaqus JOB job
Abaqus 2023
Begin Analysis Input File Processor
Mon 19 May 2025 03:57:10 PM EDT
Run pre
Mon 19 May 2025 03:57:12 PM EDT
End Analysis Input File Processor
Begin Abaqus/Standard Analysis
Mon 19 May 2025 03:57:12 PM EDT
Run standard
Mon 19 May 2025 03:57:18 PM EDT
End Abaqus/Standard Analysis
Begin SIM Wrap-up
Mon 19 May 2025 03:57:19 PM EDT
Run SMASimUtility
Mon 19 May 2025 03:57:19 PM EDT
End SIM Wrap-up
Abaqus JOB job COMPLETED
Running Python script: /scratch/knecht/Johnson_Cook/extract_curves1.py on job.odb
Processing step: Ramp
 Frame 1/12
 Frame 2/12
 Frame 3/12
 Frame 4/12
 Frame 5/12
 Frame 6/12
 Frame 7/12
 Frame 8/12
 Frame 9/12
 Frame 10/12
 Frame 11/12
 Frame 12/12
Error: Python script execution failed.
Task 13 completed.
