Loading modules...
Job ID: 3240096, Array Task ID: 7
Parameters for Task 7:
A=1.2e+08, B=1e+08, N=0.5195, C=0.003511, M=0.8
Parameters for Task 7:
C=0.003511
Creating working directory: run_7
Substituting parameters into job.inp...
Current directory: /scratch/knecht/JC_Ensemble/run_7
Starting Abaqus simulation: job
Analysis initiated from SIMULIA established products
Abaqus JOB job
Abaqus 2023
Begin Analysis Input File Processor
Fri 23 May 2025 08:14:26 AM EDT
Run pre
Fri 23 May 2025 08:14:28 AM EDT
End Analysis Input File Processor
Begin Abaqus/Standard Analysis
Fri 23 May 2025 08:14:28 AM EDT
Run standard
Fri 23 May 2025 08:15:13 AM EDT
End Abaqus/Standard Analysis
Begin SIM Wrap-up
Fri 23 May 2025 08:15:13 AM EDT
Run SMASimUtility
Fri 23 May 2025 08:15:13 AM EDT
End SIM Wrap-up
Abaqus JOB job COMPLETED
Running Python script: /scratch/knecht/Johnson_Cook/extract_curves1.py on job.odb
Processing step: Ramp
 Frame 1/35
 Frame 2/35
 Frame 3/35
 Frame 4/35
 Frame 5/35
 Frame 6/35
 Frame 7/35
 Frame 8/35
 Frame 9/35
 Frame 10/35
 Frame 11/35
 Frame 12/35
 Frame 13/35
 Frame 14/35
 Frame 15/35
 Frame 16/35
 Frame 17/35
 Frame 18/35
 Frame 19/35
 Frame 20/35
 Frame 21/35
 Frame 22/35
 Frame 23/35
 Frame 24/35
 Frame 25/35
 Frame 26/35
 Frame 27/35
 Frame 28/35
 Frame 29/35
 Frame 30/35
 Frame 31/35
 Frame 32/35
 Frame 33/35
 Frame 34/35
 Frame 35/35
Wrote JSON to curve.json
Python script executed successfully. Output: curve.json
Task 7 completed.
