Loading modules...
Job ID: 3091167, Array Task ID: 14
Parameters for Task 14:
A=1.3e+08, B=4.98e+08, N=0.5195, C=0.0001, M=2.5
Parameters for Task 14:
C=0.0001
Creating working directory: run_14
Substituting parameters into job.inp...
Current directory: /scratch/knecht/JC_Ensemble/run_14
Starting Abaqus simulation: job
Analysis initiated from SIMULIA established products
Abaqus JOB job
Abaqus 2023
Begin Analysis Input File Processor
Tue 20 May 2025 11:21:24 AM EDT
Run pre
Tue 20 May 2025 11:21:26 AM EDT
End Analysis Input File Processor
Begin Abaqus/Standard Analysis
Tue 20 May 2025 11:21:26 AM EDT
Run standard
Tue 20 May 2025 11:21:58 AM EDT
End Abaqus/Standard Analysis
Begin SIM Wrap-up
Tue 20 May 2025 11:21:58 AM EDT
Run SMASimUtility
Tue 20 May 2025 11:21:58 AM EDT
End SIM Wrap-up
Abaqus JOB job COMPLETED
Running Python script: /scratch/knecht/Johnson_Cook/extract_curves1.py on job.odb
Processing step: Ramp
 Frame 1/26
 Frame 2/26
 Frame 3/26
 Frame 4/26
 Frame 5/26
 Frame 6/26
 Frame 7/26
 Frame 8/26
 Frame 9/26
 Frame 10/26
 Frame 11/26
 Frame 12/26
 Frame 13/26
 Frame 14/26
 Frame 15/26
 Frame 16/26
 Frame 17/26
 Frame 18/26
 Frame 19/26
 Frame 20/26
 Frame 21/26
 Frame 22/26
 Frame 23/26
 Frame 24/26
 Frame 25/26
 Frame 26/26
Wrote JSON to curve.json
Python script executed successfully. Output: curve.json
Task 14 completed.
