Loading modules...
Job ID: 3081859, Array Task ID: 12
Parameters for Task 12:
A=1.3e+08, B=4.98e+08, N=0.1, C=0.003511, M=2.5
Parameters for Task 12:
C=0.003511
Creating working directory: run_12
Substituting parameters into job.inp...
Current directory: /scratch/knecht/JC_Ensemble/run_12
Starting Abaqus simulation: job
Analysis initiated from SIMULIA established products
Abaqus JOB job
Abaqus 2023
Begin Analysis Input File Processor
Mon 19 May 2025 04:02:02 PM EDT
Run pre
Mon 19 May 2025 04:02:04 PM EDT
End Analysis Input File Processor
Begin Abaqus/Standard Analysis
Mon 19 May 2025 04:02:04 PM EDT
Run standard
Mon 19 May 2025 04:02:11 PM EDT
End Abaqus/Standard Analysis
Begin SIM Wrap-up
Mon 19 May 2025 04:02:12 PM EDT
Run SMASimUtility
Mon 19 May 2025 04:02:12 PM EDT
End SIM Wrap-up
Abaqus JOB job COMPLETED
Running Python script: /scratch/knecht/Johnson_Cook/extract_curves1.py on job.odb
Processing step: Ramp
 Frame 1/16
 Frame 2/16
 Frame 3/16
 Frame 4/16
 Frame 5/16
 Frame 6/16
 Frame 7/16
 Frame 8/16
 Frame 9/16
 Frame 10/16
 Frame 11/16
 Frame 12/16
 Frame 13/16
 Frame 14/16
 Frame 15/16
 Frame 16/16
Error: Python script execution failed.
Task 12 completed.
