Loading modules...
Job ID: 3085112, Array Task ID: 10
Parameters for Task 10:
A=1.3e+08, B=4.98e+08, N=0.1, C=0.0001, M=2.5
Parameters for Task 10:
C=0.0001
Creating working directory: run_10
Substituting parameters into job.inp...
Current directory: /scratch/knecht/JC_Ensemble/run_10
Starting Abaqus simulation: job
Analysis initiated from SIMULIA established products
Abaqus JOB job
Abaqus 2023
Begin Analysis Input File Processor
Tue 20 May 2025 09:02:31 AM EDT
Run pre
Tue 20 May 2025 09:02:34 AM EDT
End Analysis Input File Processor
Begin Abaqus/Standard Analysis
Tue 20 May 2025 09:02:34 AM EDT
Run standard
Tue 20 May 2025 09:04:16 AM EDT
Abaqus Error: Abaqus/Standard Analysis exited with an error - Please see the 
message file for possible error messages if the file exists.
Begin SIM Wrap-up
Tue 20 May 2025 09:04:16 AM EDT
Run SMASimUtility
Tue 20 May 2025 09:04:16 AM EDT
End SIM Wrap-up
Abaqus/Analysis exited with errors
Running Python script: /scratch/knecht/Johnson_Cook/extract_curves1.py on job.odb
Processing step: Ramp
 Frame 1/82
 Frame 2/82
 Frame 3/82
 Frame 4/82
 Frame 5/82
 Frame 6/82
 Frame 7/82
 Frame 8/82
 Frame 9/82
 Frame 10/82
 Frame 11/82
 Frame 12/82
 Frame 13/82
 Frame 14/82
 Frame 15/82
 Frame 16/82
 Frame 17/82
 Frame 18/82
 Frame 19/82
 Frame 20/82
 Frame 21/82
 Frame 22/82
 Frame 23/82
 Frame 24/82
 Frame 25/82
 Frame 26/82
 Frame 27/82
 Frame 28/82
 Frame 29/82
 Frame 30/82
 Frame 31/82
 Frame 32/82
 Frame 33/82
 Frame 34/82
 Frame 35/82
 Frame 36/82
 Frame 37/82
 Frame 38/82
 Frame 39/82
 Frame 40/82
 Frame 41/82
 Frame 42/82
 Frame 43/82
 Frame 44/82
 Frame 45/82
 Frame 46/82
 Frame 47/82
 Frame 48/82
 Frame 49/82
 Frame 50/82
 Frame 51/82
 Frame 52/82
 Frame 53/82
 Frame 54/82
 Frame 55/82
 Frame 56/82
 Frame 57/82
 Frame 58/82
 Frame 59/82
 Frame 60/82
 Frame 61/82
 Frame 62/82
 Frame 63/82
 Frame 64/82
 Frame 65/82
 Frame 66/82
 Frame 67/82
 Frame 68/82
 Frame 69/82
 Frame 70/82
 Frame 71/82
 Frame 72/82
 Frame 73/82
 Frame 74/82
 Frame 75/82
 Frame 76/82
 Frame 77/82
 Frame 78/82
 Frame 79/82
 Frame 80/82
 Frame 81/82
 Frame 82/82
Wrote JSON to curve.json
Python script executed successfully. Output: curve.json
Task 10 completed.
