Abaqus License Manager checked out the following licenses:
Abaqus/Standard checked out 8 tokens from Flexnet server license4.clemson.edu.
<376 out of 602 licenses remain available>.
Traceback (most recent call last):
  File "/scratch/knecht/Johnson_Cook/extract_curves1.py", line 120, in <module>
    main(sys.argv[1], sys.argv[2])
  File "/scratch/knecht/Johnson_Cook/extract_curves1.py", line 112, in main
    json.dump(data, f, indent=2)
  File "/software/commercial/abaqus/2023_reinstalled/SIM/linux_a64/tools/SMApy/python2.7/lib/python2.7/json/__init__.py", line 189, in dump
    for chunk in iterable:
  File "/software/commercial/abaqus/2023_reinstalled/SIM/linux_a64/tools/SMApy/python2.7/lib/python2.7/json/encoder.py", line 434, in _iterencode
    for chunk in _iterencode_dict(o, _current_indent_level):
  File "/software/commercial/abaqus/2023_reinstalled/SIM/linux_a64/tools/SMApy/python2.7/lib/python2.7/json/encoder.py", line 408, in _iterencode_dict
    for chunk in chunks:
  File "/software/commercial/abaqus/2023_reinstalled/SIM/linux_a64/tools/SMApy/python2.7/lib/python2.7/json/encoder.py", line 332, in _iterencode_list
    for chunk in chunks:
  File "/software/commercial/abaqus/2023_reinstalled/SIM/linux_a64/tools/SMApy/python2.7/lib/python2.7/json/encoder.py", line 442, in _iterencode
    o = _default(o)
  File "/software/commercial/abaqus/2023_reinstalled/SIM/linux_a64/tools/SMApy/python2.7/lib/python2.7/json/encoder.py", line 184, in default
    raise TypeError(repr(o) + " is not JSON serializable")
TypeError: 377.46298 is not JSON serializable
