Loading modules...
Job ID: 3079843, Array Task ID: 26
Parameters for Task 26:
A=3.6e+08, B=4.98e+08, N=0.1, C=0.0001, M=2.5
Parameters for Task 26:
C=0.0001
Creating working directory: run_26
Substituting parameters into job.inp...
Current directory: /scratch/knecht/JC_Ensemble/run_26
Starting Abaqus simulation: job
Analysis initiated from SIMULIA established products
Abaqus JOB job
Abaqus 2023
Begin Analysis Input File Processor
Mon 19 May 2025 12:41:05 PM EDT
Run pre
Mon 19 May 2025 12:41:08 PM EDT
End Analysis Input File Processor
Begin Abaqus/Standard Analysis
Mon 19 May 2025 12:41:08 PM EDT
Run standard
Mon 19 May 2025 12:53:49 PM EDT
Abaqus Error: Abaqus/Standard Analysis exited with an error - Please see the 
message file for possible error messages if the file exists.
Begin SIM Wrap-up
Mon 19 May 2025 12:53:49 PM EDT
Run SMASimUtility
Mon 19 May 2025 12:53:50 PM EDT
End SIM Wrap-up
Abaqus/Analysis exited with errors
Running Python script: /scratch/knecht/Johnson_Cook/extract_curves1.py on job.odb
Processing step: Hold
Wrote JSON to curve.json
Python script executed successfully. Output: curve.json
Task 26 completed.
