Loading modules...
Job ID: 3083315, Array Task ID: 1
Parameters for Task 1:
A=1.3e+08, B=1.55e+08, N=0.1, C=0.0001, M=1
Parameters for Task 1:
C=0.0001
Creating working directory: run_1
Substituting parameters into job.inp...
Current directory: /scratch/knecht/JC_Ensemble/run_1
Starting Abaqus simulation: job
Analysis initiated from SIMULIA established products
Abaqus JOB job
Abaqus 2023
Begin Analysis Input File Processor
Mon 19 May 2025 07:00:36 PM EDT
Run pre
Mon 19 May 2025 07:00:39 PM EDT
End Analysis Input File Processor
Begin Abaqus/Standard Analysis
Mon 19 May 2025 07:00:39 PM EDT
Run standard
Mon 19 May 2025 07:06:03 PM EDT
End Abaqus/Standard Analysis
Begin SIM Wrap-up
Mon 19 May 2025 07:06:03 PM EDT
Run SMASimUtility
Mon 19 May 2025 07:06:04 PM EDT
End SIM Wrap-up
Abaqus JOB job COMPLETED
Running Python script: /scratch/knecht/Johnson_Cook/extract_curves1.py on job.odb
Processing step: Ramp
 Frame 1/503
 Frame 2/503
 Frame 3/503
 Frame 4/503
 Frame 5/503
 Frame 6/503
 Frame 7/503
 Frame 8/503
 Frame 9/503
 Frame 10/503
 Frame 11/503
 Frame 12/503
 Frame 13/503
 Frame 14/503
 Frame 15/503
 Frame 16/503
 Frame 17/503
 Frame 18/503
 Frame 19/503
 Frame 20/503
 Frame 21/503
 Frame 22/503
 Frame 23/503
 Frame 24/503
 Frame 25/503
 Frame 26/503
 Frame 27/503
 Frame 28/503
 Frame 29/503
 Frame 30/503
 Frame 31/503
 Frame 32/503
 Frame 33/503
 Frame 34/503
 Frame 35/503
 Frame 36/503
 Frame 37/503
 Frame 38/503
 Frame 39/503
 Frame 40/503
 Frame 41/503
 Frame 42/503
 Frame 43/503
 Frame 44/503
 Frame 45/503
 Frame 46/503
 Frame 47/503
 Frame 48/503
 Frame 49/503
 Frame 50/503
 Frame 51/503
 Frame 52/503
 Frame 53/503
 Frame 54/503
 Frame 55/503
 Frame 56/503
 Frame 57/503
 Frame 58/503
 Frame 59/503
 Frame 60/503
 Frame 61/503
 Frame 62/503
 Frame 63/503
 Frame 64/503
 Frame 65/503
 Frame 66/503
 Frame 67/503
 Frame 68/503
 Frame 69/503
 Frame 70/503
 Frame 71/503
 Frame 72/503
 Frame 73/503
 Frame 74/503
 Frame 75/503
 Frame 76/503
 Frame 77/503
 Frame 78/503
 Frame 79/503
 Frame 80/503
 Frame 81/503
 Frame 82/503
 Frame 83/503
 Frame 84/503
 Frame 85/503
 Frame 86/503
 Frame 87/503
 Frame 88/503
 Frame 89/503
 Frame 90/503
 Frame 91/503
 Frame 92/503
 Frame 93/503
 Frame 94/503
 Frame 95/503
 Frame 96/503
 Frame 97/503
 Frame 98/503
 Frame 99/503
 Frame 100/503
 Frame 101/503
 Frame 102/503
 Frame 103/503
 Frame 104/503
 Frame 105/503
 Frame 106/503
 Frame 107/503
 Frame 108/503
 Frame 109/503
 Frame 110/503
 Frame 111/503
 Frame 112/503
 Frame 113/503
 Frame 114/503
 Frame 115/503
 Frame 116/503
 Frame 117/503
 Frame 118/503
 Frame 119/503
 Frame 120/503
 Frame 121/503
 Frame 122/503
 Frame 123/503
 Frame 124/503
 Frame 125/503
 Frame 126/503
 Frame 127/503
 Frame 128/503
 Frame 129/503
 Frame 130/503
 Frame 131/503
 Frame 132/503
 Frame 133/503
 Frame 134/503
 Frame 135/503
 Frame 136/503
 Frame 137/503
 Frame 138/503
 Frame 139/503
 Frame 140/503
 Frame 141/503
 Frame 142/503
 Frame 143/503
 Frame 144/503
 Frame 145/503
 Frame 146/503
 Frame 147/503
 Frame 148/503
 Frame 149/503
 Frame 150/503
 Frame 151/503
 Frame 152/503
 Frame 153/503
 Frame 154/503
 Frame 155/503
 Frame 156/503
 Frame 157/503
 Frame 158/503
 Frame 159/503
 Frame 160/503
 Frame 161/503
 Frame 162/503
 Frame 163/503
 Frame 164/503
 Frame 165/503
 Frame 166/503
 Frame 167/503
 Frame 168/503
 Frame 169/503
 Frame 170/503
 Frame 171/503
 Frame 172/503
 Frame 173/503
 Frame 174/503
 Frame 175/503
 Frame 176/503
 Frame 177/503
 Frame 178/503
 Frame 179/503
 Frame 180/503
 Frame 181/503
 Frame 182/503
 Frame 183/503
 Frame 184/503
 Frame 185/503
 Frame 186/503
 Frame 187/503
 Frame 188/503
 Frame 189/503
 Frame 190/503
 Frame 191/503
 Frame 192/503
 Frame 193/503
 Frame 194/503
 Frame 195/503
 Frame 196/503
 Frame 197/503
 Frame 198/503
 Frame 199/503
 Frame 200/503
 Frame 201/503
 Frame 202/503
 Frame 203/503
 Frame 204/503
 Frame 205/503
 Frame 206/503
 Frame 207/503
 Frame 208/503
 Frame 209/503
 Frame 210/503
 Frame 211/503
 Frame 212/503
 Frame 213/503
 Frame 214/503
 Frame 215/503
 Frame 216/503
 Frame 217/503
 Frame 218/503
 Frame 219/503
 Frame 220/503
 Frame 221/503
 Frame 222/503
 Frame 223/503
 Frame 224/503
 Frame 225/503
 Frame 226/503
 Frame 227/503
 Frame 228/503
 Frame 229/503
 Frame 230/503
 Frame 231/503
 Frame 232/503
 Frame 233/503
 Frame 234/503
 Frame 235/503
 Frame 236/503
 Frame 237/503
 Frame 238/503
 Frame 239/503
 Frame 240/503
 Frame 241/503
 Frame 242/503
 Frame 243/503
 Frame 244/503
 Frame 245/503
 Frame 246/503
 Frame 247/503
 Frame 248/503
 Frame 249/503
 Frame 250/503
 Frame 251/503
 Frame 252/503
 Frame 253/503
 Frame 254/503
 Frame 255/503
 Frame 256/503
 Frame 257/503
 Frame 258/503
 Frame 259/503
 Frame 260/503
 Frame 261/503
 Frame 262/503
 Frame 263/503
 Frame 264/503
 Frame 265/503
 Frame 266/503
 Frame 267/503
 Frame 268/503
 Frame 269/503
 Frame 270/503
 Frame 271/503
 Frame 272/503
 Frame 273/503
 Frame 274/503
 Frame 275/503
 Frame 276/503
 Frame 277/503
 Frame 278/503
 Frame 279/503
 Frame 280/503
 Frame 281/503
 Frame 282/503
 Frame 283/503
 Frame 284/503
 Frame 285/503
 Frame 286/503
 Frame 287/503
 Frame 288/503
 Frame 289/503
 Frame 290/503
 Frame 291/503
 Frame 292/503
 Frame 293/503
 Frame 294/503
 Frame 295/503
 Frame 296/503
 Frame 297/503
 Frame 298/503
 Frame 299/503
 Frame 300/503
 Frame 301/503
 Frame 302/503
 Frame 303/503
 Frame 304/503
 Frame 305/503
 Frame 306/503
 Frame 307/503
 Frame 308/503
 Frame 309/503
 Frame 310/503
 Frame 311/503
 Frame 312/503
 Frame 313/503
 Frame 314/503
 Frame 315/503
 Frame 316/503
 Frame 317/503
 Frame 318/503
 Frame 319/503
 Frame 320/503
 Frame 321/503
 Frame 322/503
 Frame 323/503
 Frame 324/503
 Frame 325/503
 Frame 326/503
 Frame 327/503
 Frame 328/503
 Frame 329/503
 Frame 330/503
 Frame 331/503
 Frame 332/503
 Frame 333/503
 Frame 334/503
 Frame 335/503
 Frame 336/503
 Frame 337/503
 Frame 338/503
 Frame 339/503
 Frame 340/503
 Frame 341/503
 Frame 342/503
 Frame 343/503
 Frame 344/503
 Frame 345/503
 Frame 346/503
 Frame 347/503
 Frame 348/503
 Frame 349/503
 Frame 350/503
 Frame 351/503
 Frame 352/503
 Frame 353/503
 Frame 354/503
 Frame 355/503
 Frame 356/503
 Frame 357/503
 Frame 358/503
 Frame 359/503
 Frame 360/503
 Frame 361/503
 Frame 362/503
 Frame 363/503
 Frame 364/503
 Frame 365/503
 Frame 366/503
 Frame 367/503
 Frame 368/503
 Frame 369/503
 Frame 370/503
 Frame 371/503
 Frame 372/503
 Frame 373/503
 Frame 374/503
 Frame 375/503
 Frame 376/503
 Frame 377/503
 Frame 378/503
 Frame 379/503
 Frame 380/503
 Frame 381/503
 Frame 382/503
 Frame 383/503
 Frame 384/503
 Frame 385/503
 Frame 386/503
 Frame 387/503
 Frame 388/503
 Frame 389/503
 Frame 390/503
 Frame 391/503
 Frame 392/503
 Frame 393/503
 Frame 394/503
 Frame 395/503
 Frame 396/503
 Frame 397/503
 Frame 398/503
 Frame 399/503
 Frame 400/503
 Frame 401/503
 Frame 402/503
 Frame 403/503
 Frame 404/503
 Frame 405/503
 Frame 406/503
 Frame 407/503
 Frame 408/503
 Frame 409/503
 Frame 410/503
 Frame 411/503
 Frame 412/503
 Frame 413/503
 Frame 414/503
 Frame 415/503
 Frame 416/503
 Frame 417/503
 Frame 418/503
 Frame 419/503
 Frame 420/503
 Frame 421/503
 Frame 422/503
 Frame 423/503
 Frame 424/503
 Frame 425/503
 Frame 426/503
 Frame 427/503
 Frame 428/503
 Frame 429/503
 Frame 430/503
 Frame 431/503
 Frame 432/503
 Frame 433/503
 Frame 434/503
 Frame 435/503
 Frame 436/503
 Frame 437/503
 Frame 438/503
 Frame 439/503
 Frame 440/503
 Frame 441/503
 Frame 442/503
 Frame 443/503
 Frame 444/503
 Frame 445/503
 Frame 446/503
 Frame 447/503
 Frame 448/503
 Frame 449/503
 Frame 450/503
 Frame 451/503
 Frame 452/503
 Frame 453/503
 Frame 454/503
 Frame 455/503
 Frame 456/503
 Frame 457/503
 Frame 458/503
 Frame 459/503
 Frame 460/503
 Frame 461/503
 Frame 462/503
 Frame 463/503
 Frame 464/503
 Frame 465/503
 Frame 466/503
 Frame 467/503
 Frame 468/503
 Frame 469/503
 Frame 470/503
 Frame 471/503
 Frame 472/503
 Frame 473/503
 Frame 474/503
 Frame 475/503
 Frame 476/503
 Frame 477/503
 Frame 478/503
 Frame 479/503
 Frame 480/503
 Frame 481/503
 Frame 482/503
 Frame 483/503
 Frame 484/503
 Frame 485/503
 Frame 486/503
 Frame 487/503
 Frame 488/503
 Frame 489/503
 Frame 490/503
 Frame 491/503
 Frame 492/503
 Frame 493/503
 Frame 494/503
 Frame 495/503
 Frame 496/503
 Frame 497/503
 Frame 498/503
 Frame 499/503
 Frame 500/503
 Frame 501/503
 Frame 502/503
 Frame 503/503
Wrote JSON to curve.json
Python script executed successfully. Output: curve.json
Task 1 completed.
