Loading modules...
Job ID: 3239939, Array Task ID: 20
Parameters for Task 20:
A=3.6e+08, B=1e+08, N=0.05, C=0.003511, M=2
Parameters for Task 20:
C=0.003511
Creating working directory: run_20
Substituting parameters into job.inp...
Current directory: /scratch/knecht/JC_Ensemble/run_20
Starting Abaqus simulation: job
Analysis initiated from SIMULIA established products
Abaqus JOB job
Abaqus 2023
Begin Analysis Input File Processor
Fri 23 May 2025 07:53:40 AM EDT
Run pre
Fri 23 May 2025 07:53:43 AM EDT
End Analysis Input File Processor
Begin Abaqus/Standard Analysis
Fri 23 May 2025 07:53:43 AM EDT
Run standard
Fri 23 May 2025 07:54:19 AM EDT
End Abaqus/Standard Analysis
Begin SIM Wrap-up
Fri 23 May 2025 07:54:20 AM EDT
Run SMASimUtility
Fri 23 May 2025 07:54:20 AM EDT
End SIM Wrap-up
Abaqus JOB job COMPLETED
Running Python script: /scratch/knecht/Johnson_Cook/extract_curves1.py on job.odb
Processing step: Ramp
 Frame 1/31
 Frame 2/31
 Frame 3/31
 Frame 4/31
 Frame 5/31
 Frame 6/31
 Frame 7/31
 Frame 8/31
 Frame 9/31
 Frame 10/31
 Frame 11/31
 Frame 12/31
 Frame 13/31
 Frame 14/31
 Frame 15/31
 Frame 16/31
 Frame 17/31
 Frame 18/31
 Frame 19/31
 Frame 20/31
 Frame 21/31
 Frame 22/31
 Frame 23/31
 Frame 24/31
 Frame 25/31
 Frame 26/31
 Frame 27/31
 Frame 28/31
 Frame 29/31
 Frame 30/31
 Frame 31/31
Wrote JSON to curve.json
Python script executed successfully. Output: curve.json
Task 20 completed.
