Loading modules...
Job ID: 3084932, Array Task ID: 13
Parameters for Task 13:
A=1.3e+08, B=4.98e+08, N=0.5195, C=0.0001, M=1
Parameters for Task 13:
C=0.0001
Creating working directory: run_13
Substituting parameters into job.inp...
Current directory: /scratch/knecht/JC_Ensemble/run_13
Starting Abaqus simulation: job
Analysis initiated from SIMULIA established products
Abaqus JOB job
Abaqus 2023
Begin Analysis Input File Processor
Tue 20 May 2025 07:21:00 AM EDT
Run pre
Tue 20 May 2025 07:21:04 AM EDT
End Analysis Input File Processor
Begin Abaqus/Standard Analysis
Tue 20 May 2025 07:21:04 AM EDT
Run standard
Tue 20 May 2025 07:21:15 AM EDT
End Abaqus/Standard Analysis
Begin SIM Wrap-up
Tue 20 May 2025 07:21:15 AM EDT
Run SMASimUtility
Tue 20 May 2025 07:21:15 AM EDT
End SIM Wrap-up
Abaqus JOB job COMPLETED
Running Python script: /scratch/knecht/Johnson_Cook/extract_curves1.py on job.odb
Processing step: Ramp
 Frame 1/13
 Frame 2/13
 Frame 3/13
 Frame 4/13
 Frame 5/13
 Frame 6/13
 Frame 7/13
 Frame 8/13
 Frame 9/13
 Frame 10/13
 Frame 11/13
 Frame 12/13
 Frame 13/13
Wrote JSON to curve.json
Python script executed successfully. Output: curve.json
Task 13 completed.
