Loading modules...
Job ID: 3079840, Array Task ID: 23
Parameters for Task 23:
A=3.6e+08, B=1.55e+08, N=0.5195, C=0.003511, M=1
Parameters for Task 23:
C=0.003511
Creating working directory: run_23
Substituting parameters into job.inp...
Current directory: /scratch/knecht/JC_Ensemble/run_23
Starting Abaqus simulation: job
Analysis initiated from SIMULIA established products
Abaqus JOB job
Abaqus 2023
Begin Analysis Input File Processor
Mon 19 May 2025 12:41:05 PM EDT
Run pre
Mon 19 May 2025 12:41:08 PM EDT
End Analysis Input File Processor
Begin Abaqus/Standard Analysis
Mon 19 May 2025 12:41:08 PM EDT
Run standard
Mon 19 May 2025 12:44:08 PM EDT
End Abaqus/Standard Analysis
Begin SIM Wrap-up
Mon 19 May 2025 12:44:08 PM EDT
Run SMASimUtility
Mon 19 May 2025 12:44:09 PM EDT
End SIM Wrap-up
Abaqus JOB job COMPLETED
Running Python script: /scratch/knecht/Johnson_Cook/extract_curves1.py on job.odb
Processing step: Hold
 Frame 1/106
 Frame 2/106
 Frame 3/106
 Frame 4/106
 Frame 5/106
 Frame 6/106
 Frame 7/106
 Frame 8/106
 Frame 9/106
 Frame 10/106
 Frame 11/106
 Frame 12/106
 Frame 13/106
 Frame 14/106
 Frame 15/106
 Frame 16/106
 Frame 17/106
 Frame 18/106
 Frame 19/106
 Frame 20/106
 Frame 21/106
 Frame 22/106
 Frame 23/106
 Frame 24/106
 Frame 25/106
 Frame 26/106
 Frame 27/106
 Frame 28/106
 Frame 29/106
 Frame 30/106
 Frame 31/106
 Frame 32/106
 Frame 33/106
 Frame 34/106
 Frame 35/106
 Frame 36/106
 Frame 37/106
 Frame 38/106
 Frame 39/106
 Frame 40/106
 Frame 41/106
 Frame 42/106
 Frame 43/106
 Frame 44/106
 Frame 45/106
 Frame 46/106
 Frame 47/106
 Frame 48/106
 Frame 49/106
 Frame 50/106
 Frame 51/106
 Frame 52/106
 Frame 53/106
 Frame 54/106
 Frame 55/106
 Frame 56/106
 Frame 57/106
 Frame 58/106
 Frame 59/106
 Frame 60/106
 Frame 61/106
 Frame 62/106
 Frame 63/106
 Frame 64/106
 Frame 65/106
 Frame 66/106
 Frame 67/106
 Frame 68/106
 Frame 69/106
 Frame 70/106
 Frame 71/106
 Frame 72/106
 Frame 73/106
 Frame 74/106
 Frame 75/106
 Frame 76/106
 Frame 77/106
 Frame 78/106
 Frame 79/106
 Frame 80/106
 Frame 81/106
 Frame 82/106
 Frame 83/106
 Frame 84/106
 Frame 85/106
 Frame 86/106
 Frame 87/106
 Frame 88/106
 Frame 89/106
 Frame 90/106
 Frame 91/106
 Frame 92/106
 Frame 93/106
 Frame 94/106
 Frame 95/106
 Frame 96/106
 Frame 97/106
 Frame 98/106
 Frame 99/106
 Frame 100/106
 Frame 101/106
 Frame 102/106
 Frame 103/106
 Frame 104/106
 Frame 105/106
 Frame 106/106
Error: Python script execution failed.
Task 23 completed.
