Loading modules...
Job ID: 3082976, Array Task ID: 17
Parameters for Task 17:
A=3.6e+08, B=1.55e+08, N=0.1, C=0.0001, M=1
Parameters for Task 17:
C=0.0001
Creating working directory: run_17
Substituting parameters into job.inp...
Current directory: /scratch/knecht/JC_Ensemble/run_17
Starting Abaqus simulation: job
Analysis initiated from SIMULIA established products
Abaqus JOB job
Abaqus 2023
Begin Analysis Input File Processor
Mon 19 May 2025 05:23:13 PM EDT
Run pre
Mon 19 May 2025 05:23:16 PM EDT
End Analysis Input File Processor
Begin Abaqus/Standard Analysis
Mon 19 May 2025 05:23:16 PM EDT
Run standard
Mon 19 May 2025 05:24:19 PM EDT
Abaqus Error: Abaqus/Standard Analysis exited with an error - Please see the 
message file for possible error messages if the file exists.
Begin SIM Wrap-up
Mon 19 May 2025 05:24:19 PM EDT
Run SMASimUtility
Mon 19 May 2025 05:24:19 PM EDT
End SIM Wrap-up
Abaqus/Analysis exited with errors
Running Python script: /scratch/knecht/Johnson_Cook/extract_curves1.py on job.odb
Processing step: Ramp
 Frame 1/13
 Frame 2/13
 Frame 3/13
 Frame 4/13
 Frame 5/13
 Frame 6/13
 Frame 7/13
 Frame 8/13
 Frame 9/13
 Frame 10/13
 Frame 11/13
 Frame 12/13
 Frame 13/13
Wrote JSON to curve.json
Python script executed successfully. Output: curve.json
Task 17 completed.
