Loading modules...
Job ID: 3240103, Array Task ID: 14
Parameters for Task 14:
A=1.2e+08, B=3.98e+08, N=0.5195, C=0.0001, M=2
Parameters for Task 14:
C=0.0001
Creating working directory: run_14
Substituting parameters into job.inp...
Current directory: /scratch/knecht/JC_Ensemble/run_14
Starting Abaqus simulation: job
Analysis initiated from SIMULIA established products
Abaqus JOB job
Abaqus 2023
Begin Analysis Input File Processor
Fri 23 May 2025 08:14:26 AM EDT
Run pre
Fri 23 May 2025 08:14:29 AM EDT
End Analysis Input File Processor
Begin Abaqus/Standard Analysis
Fri 23 May 2025 08:14:29 AM EDT
Run standard
Fri 23 May 2025 08:15:08 AM EDT
End Abaqus/Standard Analysis
Begin SIM Wrap-up
Fri 23 May 2025 08:15:09 AM EDT
Run SMASimUtility
Fri 23 May 2025 08:15:09 AM EDT
End SIM Wrap-up
Abaqus JOB job COMPLETED
Running Python script: /scratch/knecht/Johnson_Cook/extract_curves1.py on job.odb
Processing step: Ramp
 Frame 1/31
 Frame 2/31
 Frame 3/31
 Frame 4/31
 Frame 5/31
 Frame 6/31
 Frame 7/31
 Frame 8/31
 Frame 9/31
 Frame 10/31
 Frame 11/31
 Frame 12/31
 Frame 13/31
 Frame 14/31
 Frame 15/31
 Frame 16/31
 Frame 17/31
 Frame 18/31
 Frame 19/31
 Frame 20/31
 Frame 21/31
 Frame 22/31
 Frame 23/31
 Frame 24/31
 Frame 25/31
 Frame 26/31
 Frame 27/31
 Frame 28/31
 Frame 29/31
 Frame 30/31
 Frame 31/31
Wrote JSON to curve.json
Python script executed successfully. Output: curve.json
Task 14 completed.
