Loading modules...
Job ID: 3085244, Array Task ID: 24
Parameters for Task 24:
A=3.6e+08, B=1.55e+08, N=0.5195, C=0.003511, M=2.5
Parameters for Task 24:
C=0.003511
Creating working directory: run_24
Substituting parameters into job.inp...
Current directory: /scratch/knecht/JC_Ensemble/run_24
Starting Abaqus simulation: job
Analysis initiated from SIMULIA established products
Abaqus JOB job
Abaqus 2023
Begin Analysis Input File Processor
Tue 20 May 2025 09:23:01 AM EDT
Run pre
Tue 20 May 2025 09:23:03 AM EDT
End Analysis Input File Processor
Begin Abaqus/Standard Analysis
Tue 20 May 2025 09:23:03 AM EDT
Run standard
Tue 20 May 2025 09:23:15 AM EDT
End Abaqus/Standard Analysis
Begin SIM Wrap-up
Tue 20 May 2025 09:23:16 AM EDT
Run SMASimUtility
Tue 20 May 2025 09:23:16 AM EDT
End SIM Wrap-up
Abaqus JOB job COMPLETED
Running Python script: /scratch/knecht/Johnson_Cook/extract_curves1.py on job.odb
Processing step: Ramp
 Frame 1/16
 Frame 2/16
 Frame 3/16
 Frame 4/16
 Frame 5/16
 Frame 6/16
 Frame 7/16
 Frame 8/16
 Frame 9/16
 Frame 10/16
 Frame 11/16
 Frame 12/16
 Frame 13/16
 Frame 14/16
 Frame 15/16
 Frame 16/16
Wrote JSON to curve.json
Python script executed successfully. Output: curve.json
Task 24 completed.
