Loading modules...
Job ID: 3239866, Array Task ID: 11
Parameters for Task 11:
A=1.2e+08, B=3.98e+08, N=0.05, C=0.003511, M=0.8
Parameters for Task 11:
C=0.003511
Creating working directory: run_11
Substituting parameters into job.inp...
Current directory: /scratch/knecht/JC_Ensemble/run_11
Starting Abaqus simulation: job
Analysis initiated from SIMULIA established products
Abaqus JOB job
Abaqus 2023
Begin Analysis Input File Processor
Fri 23 May 2025 07:45:24 AM EDT
Run pre
Fri 23 May 2025 07:45:26 AM EDT
End Analysis Input File Processor
Begin Abaqus/Standard Analysis
Fri 23 May 2025 07:45:26 AM EDT
Run standard
Fri 23 May 2025 07:46:01 AM EDT
End Abaqus/Standard Analysis
Begin SIM Wrap-up
Fri 23 May 2025 07:46:02 AM EDT
Run SMASimUtility
Fri 23 May 2025 07:46:02 AM EDT
End SIM Wrap-up
Abaqus JOB job COMPLETED
Running Python script: /scratch/knecht/Johnson_Cook/extract_curves1.py on job.odb
Processing step: Ramp
 Frame 1/30
 Frame 2/30
 Frame 3/30
 Frame 4/30
 Frame 5/30
 Frame 6/30
 Frame 7/30
 Frame 8/30
 Frame 9/30
 Frame 10/30
 Frame 11/30
 Frame 12/30
 Frame 13/30
 Frame 14/30
 Frame 15/30
 Frame 16/30
 Frame 17/30
 Frame 18/30
 Frame 19/30
 Frame 20/30
 Frame 21/30
 Frame 22/30
 Frame 23/30
 Frame 24/30
 Frame 25/30
 Frame 26/30
 Frame 27/30
 Frame 28/30
 Frame 29/30
 Frame 30/30
Wrote JSON to curve.json
Python script executed successfully. Output: curve.json
Task 11 completed.
