Loading modules...
Job ID: 3078045, Array Task ID: 19
Parameters for Task 19:
A=3.6e+08, B=1.55e+08, N=0.1, C=0.003511, M=1
Parameters for Task 19:
C=0.003511
Creating working directory: run_19
Substituting parameters into job.inp...
Current directory: /scratch/knecht/JC_Ensemble/run_19
Starting Abaqus simulation: job
Analysis initiated from SIMULIA established products
Abaqus JOB job
Abaqus 2023
Begin Analysis Input File Processor
Mon 19 May 2025 11:55:04 AM EDT
Run pre
Mon 19 May 2025 11:55:06 AM EDT
End Analysis Input File Processor
Begin Abaqus/Standard Analysis
Mon 19 May 2025 11:55:06 AM EDT
Run standard
Mon 19 May 2025 12:09:39 PM EDT
Abaqus Error: Abaqus/Standard Analysis exited with an error - Please see the 
message file for possible error messages if the file exists.
Begin SIM Wrap-up
Mon 19 May 2025 12:09:40 PM EDT
Run SMASimUtility
Mon 19 May 2025 12:09:40 PM EDT
End SIM Wrap-up
Abaqus/Analysis exited with errors
Running Python script: /scratch/knecht/Johnson_Cook/extract_curves1.py on job.odb
Processing step: Hold
Wrote JSON to curve.json
Python script executed successfully. Output: curve.json
Task 19 completed.
