Loading modules...
Job ID: 3082930, Array Task ID: 5
Parameters for Task 5:
A=1.3e+08, B=1.55e+08, N=0.5195, C=0.0001, M=1
Parameters for Task 5:
C=0.0001
Creating working directory: run_5
Substituting parameters into job.inp...
Current directory: /scratch/knecht/JC_Ensemble/run_5
Starting Abaqus simulation: job
Analysis initiated from SIMULIA established products
Abaqus JOB job
Abaqus 2023
Begin Analysis Input File Processor
Mon 19 May 2025 05:21:55 PM EDT
Run pre
Mon 19 May 2025 05:21:58 PM EDT
End Analysis Input File Processor
Begin Abaqus/Standard Analysis
Mon 19 May 2025 05:21:58 PM EDT
Run standard
Mon 19 May 2025 05:22:25 PM EDT
Abaqus Error: Abaqus/Standard Analysis exited with an error - Please see the 
message file for possible error messages if the file exists.
Begin SIM Wrap-up
Mon 19 May 2025 05:22:25 PM EDT
Run SMASimUtility
Mon 19 May 2025 05:22:25 PM EDT
End SIM Wrap-up
Abaqus/Analysis exited with errors
Running Python script: /scratch/knecht/Johnson_Cook/extract_curves1.py on job.odb
Processing step: Ramp
 Frame 1/8
 Frame 2/8
 Frame 3/8
 Frame 4/8
 Frame 5/8
 Frame 6/8
 Frame 7/8
 Frame 8/8
Wrote JSON to curve.json
Python script executed successfully. Output: curve.json
Task 5 completed.
