Loading modules...
Job ID: 3078109, Array Task ID: 12
Parameters for Task 12:
A=1.3e+08, B=4.98e+08, N=0.1, C=0.003511, M=2.5
Parameters for Task 12:
C=0.003511
Creating working directory: run_12
Substituting parameters into job.inp...
Current directory: /scratch/knecht/JC_Ensemble/run_12
Starting Abaqus simulation: job
Analysis initiated from SIMULIA established products
Abaqus JOB job
Abaqus 2023
Begin Analysis Input File Processor
Mon 19 May 2025 12:08:59 PM EDT
Run pre
Mon 19 May 2025 12:09:01 PM EDT
Abaqus Error: Analysis Input File Processor exited with an error - Please see the 
job.dat file for possible error messages if the file exists.
Begin SIM Wrap-up
Mon 19 May 2025 12:09:01 PM EDT
Run SMASimUtility
Mon 19 May 2025 12:09:01 PM EDT
End SIM Wrap-up
Abaqus/Analysis exited with errors
Error: Abaqus ODB file (job.odb) not found. Abaqus simulation may have failed.
Running Python script: /scratch/knecht/Johnson_Cook/extract_curves1.py on job.odb
Error opening ODB 'job.odb': Cannot open file /scratch/knecht/JC_Ensemble/run_12/job.odb. *** ERROR: No such file: /scratch/knecht/JC_Ensemble/run_12/job.odb.
Error: Python script execution failed.
Task 12 completed.
