Loading modules...
Job ID: 3084921, Array Task ID: 2
Parameters for Task 2:
A=1.3e+08, B=1.55e+08, N=0.1, C=0.0001, M=2.5
Parameters for Task 2:
C=0.0001
Creating working directory: run_2
Substituting parameters into job.inp...
Current directory: /scratch/knecht/JC_Ensemble/run_2
Starting Abaqus simulation: job
Analysis initiated from SIMULIA established products
Abaqus JOB job
Abaqus 2023
Begin Analysis Input File Processor
Tue 20 May 2025 07:21:01 AM EDT
Run pre
Tue 20 May 2025 07:21:04 AM EDT
End Analysis Input File Processor
Begin Abaqus/Standard Analysis
Tue 20 May 2025 07:21:04 AM EDT
Run standard
Tue 20 May 2025 07:21:16 AM EDT
End Abaqus/Standard Analysis
Begin SIM Wrap-up
Tue 20 May 2025 07:21:16 AM EDT
Run SMASimUtility
Tue 20 May 2025 07:21:17 AM EDT
End SIM Wrap-up
Abaqus JOB job COMPLETED
Running Python script: /scratch/knecht/Johnson_Cook/extract_curves1.py on job.odb
Processing step: Ramp
 Frame 1/13
 Frame 2/13
 Frame 3/13
 Frame 4/13
 Frame 5/13
 Frame 6/13
 Frame 7/13
 Frame 8/13
 Frame 9/13
 Frame 10/13
 Frame 11/13
 Frame 12/13
 Frame 13/13
Wrote JSON to curve.json
Python script executed successfully. Output: curve.json
Task 2 completed.
