Loading modules...
Job ID: 3081785, Array Task ID: 24
Parameters for Task 24:
A=3.6e+08, B=1.55e+08, N=0.5195, C=0.003511, M=2.5
Parameters for Task 24:
C=0.003511
Creating working directory: run_24
Substituting parameters into job.inp...
Current directory: /scratch/knecht/JC_Ensemble/run_24
Starting Abaqus simulation: job
Analysis initiated from SIMULIA established products
Abaqus JOB job
Abaqus 2023
Begin Analysis Input File Processor
Mon 19 May 2025 03:57:10 PM EDT
Run pre
Mon 19 May 2025 03:57:13 PM EDT
End Analysis Input File Processor
Begin Abaqus/Standard Analysis
Mon 19 May 2025 03:57:13 PM EDT
Run standard
Mon 19 May 2025 03:57:19 PM EDT
End Abaqus/Standard Analysis
Begin SIM Wrap-up
Mon 19 May 2025 03:57:19 PM EDT
Run SMASimUtility
Mon 19 May 2025 03:57:20 PM EDT
End SIM Wrap-up
Abaqus JOB job COMPLETED
Running Python script: /scratch/knecht/Johnson_Cook/extract_curves1.py on job.odb
Processing step: Ramp
 Frame 1/12
 Frame 2/12
 Frame 3/12
 Frame 4/12
 Frame 5/12
 Frame 6/12
 Frame 7/12
 Frame 8/12
 Frame 9/12
 Frame 10/12
 Frame 11/12
 Frame 12/12
Error: Python script execution failed.
Task 24 completed.
