Loading modules...
Job ID: 3239863, Array Task ID: 8
Parameters for Task 8:
A=1.2e+08, B=1e+08, N=0.5195, C=0.003511, M=2
Parameters for Task 8:
C=0.003511
Creating working directory: run_8
Substituting parameters into job.inp...
Current directory: /scratch/knecht/JC_Ensemble/run_8
Starting Abaqus simulation: job
Analysis initiated from SIMULIA established products
Abaqus JOB job
Abaqus 2023
Begin Analysis Input File Processor
Fri 23 May 2025 07:45:24 AM EDT
Run pre
Fri 23 May 2025 07:45:26 AM EDT
End Analysis Input File Processor
Begin Abaqus/Standard Analysis
Fri 23 May 2025 07:45:26 AM EDT
Run standard
Fri 23 May 2025 07:46:07 AM EDT
End Abaqus/Standard Analysis
Begin SIM Wrap-up
Fri 23 May 2025 07:46:07 AM EDT
Run SMASimUtility
Fri 23 May 2025 07:46:07 AM EDT
End SIM Wrap-up
Abaqus JOB job COMPLETED
Running Python script: /scratch/knecht/Johnson_Cook/extract_curves1.py on job.odb
Processing step: Ramp
 Frame 1/33
 Frame 2/33
 Frame 3/33
 Frame 4/33
 Frame 5/33
 Frame 6/33
 Frame 7/33
 Frame 8/33
 Frame 9/33
 Frame 10/33
 Frame 11/33
 Frame 12/33
 Frame 13/33
 Frame 14/33
 Frame 15/33
 Frame 16/33
 Frame 17/33
 Frame 18/33
 Frame 19/33
 Frame 20/33
 Frame 21/33
 Frame 22/33
 Frame 23/33
 Frame 24/33
 Frame 25/33
 Frame 26/33
 Frame 27/33
 Frame 28/33
 Frame 29/33
 Frame 30/33
 Frame 31/33
 Frame 32/33
 Frame 33/33
Wrote JSON to curve.json
Python script executed successfully. Output: curve.json
Task 8 completed.
