"standard" license request queued for the License Server. 
Total time in queue: 0 seconds.
"standard" license request queued for the License Server. 
Total time in queue: 30 seconds.
"standard" license request queued for the License Server. 
Total time in queue: 60 seconds.
"standard" license request queued for the License Server. 
Total time in queue: 90 seconds.
"standard" license request queued for the License Server. 
Total time in queue: 120 seconds.
"standard" license request queued for the License Server. 
Total time in queue: 150 seconds.
"standard" license request queued for the License Server. 
Total time in queue: 180 seconds.
"standard" license request queued for the License Server. 
Total time in queue: 210 seconds.
"standard" license request queued for the License Server. 
Total time in queue: 240 seconds.
"standard" license request queued for the License Server. 
Total time in queue: 270 seconds.
"standard" license request queued for the License Server. 
Total time in queue: 300 seconds.
"standard" license request queued for the License Server. 
Total time in queue: 330 seconds.
"standard" license request queued for the License Server. 
Total time in queue: 360 seconds.
"standard" license request queued for the License Server. 
Total time in queue: 390 seconds.
"standard" license request queued for the License Server. 
Total time in queue: 420 seconds.
"standard" license request queued for the License Server. 
Total time in queue: 450 seconds.
"standard" license request queued for the License Server. 
Total time in queue: 480 seconds.
"standard" license request queued for the License Server. 
Total time in queue: 510 seconds.
"standard" license request queued for the License Server. 
Total time in queue: 540 seconds.
"standard" license request queued for the License Server. 
Total time in queue: 570 seconds.
"standard" license request queued for the License Server. 
Total time in queue: 600 seconds.
"standard" license request queued for the License Server. 
Total time in queue: 630 seconds.
"standard" license request queued for the License Server. 
Total time in queue: 660 seconds.
"standard" license request queued for the License Server. 
Total time in queue: 690 seconds.
"standard" license request queued for the License Server. 
Total time in queue: 720 seconds.
"standard" license request queued for the License Server. 
Total time in queue: 750 seconds.
"standard" license request queued for the License Server. 
Total time in queue: 780 seconds.
"standard" license request queued for the License Server. 
Total time in queue: 810 seconds.
"standard" license request queued for the License Server. 
Total time in queue: 840 seconds.
"standard" license request queued for the License Server. 
Total time in queue: 870 seconds.
"standard" license request queued for the License Server. 
Total time in queue: 900 seconds.
"standard" license request queued for the License Server. 
Total time in queue: 930 seconds.
Note:  License granted using the secondary license mechanism
Abaqus License Manager checked out the following licenses:
Abaqus/Standard checked out 8 tokens from Flexnet server license4.clemson.edu.
<548 out of 602 licenses remain available>.
