Loading modules...
Job ID: 3085013, Array Task ID: 28
Parameters for Task 28:
A=3.6e+08, B=4.98e+08, N=0.1, C=0.003511, M=2.5
Parameters for Task 28:
C=0.003511
Creating working directory: run_28
Substituting parameters into job.inp...
Current directory: /scratch/knecht/JC_Ensemble/run_28
Starting Abaqus simulation: job
Analysis initiated from SIMULIA established products
Abaqus JOB job
Abaqus 2023
Begin Analysis Input File Processor
Tue 20 May 2025 08:41:52 AM EDT
Run pre
Tue 20 May 2025 08:41:55 AM EDT
End Analysis Input File Processor
Begin Abaqus/Standard Analysis
Tue 20 May 2025 08:41:55 AM EDT
Run standard
Tue 20 May 2025 08:43:04 AM EDT
End Abaqus/Standard Analysis
Begin SIM Wrap-up
Tue 20 May 2025 08:43:05 AM EDT
Run SMASimUtility
Tue 20 May 2025 08:43:05 AM EDT
End SIM Wrap-up
Abaqus JOB job COMPLETED
Running Python script: /scratch/knecht/Johnson_Cook/extract_curves1.py on job.odb
Processing step: Ramp
 Frame 1/103
 Frame 2/103
 Frame 3/103
 Frame 4/103
 Frame 5/103
 Frame 6/103
 Frame 7/103
 Frame 8/103
 Frame 9/103
 Frame 10/103
 Frame 11/103
 Frame 12/103
 Frame 13/103
 Frame 14/103
 Frame 15/103
 Frame 16/103
 Frame 17/103
 Frame 18/103
 Frame 19/103
 Frame 20/103
 Frame 21/103
 Frame 22/103
 Frame 23/103
 Frame 24/103
 Frame 25/103
 Frame 26/103
 Frame 27/103
 Frame 28/103
 Frame 29/103
 Frame 30/103
 Frame 31/103
 Frame 32/103
 Frame 33/103
 Frame 34/103
 Frame 35/103
 Frame 36/103
 Frame 37/103
 Frame 38/103
 Frame 39/103
 Frame 40/103
 Frame 41/103
 Frame 42/103
 Frame 43/103
 Frame 44/103
 Frame 45/103
 Frame 46/103
 Frame 47/103
 Frame 48/103
 Frame 49/103
 Frame 50/103
 Frame 51/103
 Frame 52/103
 Frame 53/103
 Frame 54/103
 Frame 55/103
 Frame 56/103
 Frame 57/103
 Frame 58/103
 Frame 59/103
 Frame 60/103
 Frame 61/103
 Frame 62/103
 Frame 63/103
 Frame 64/103
 Frame 65/103
 Frame 66/103
 Frame 67/103
 Frame 68/103
 Frame 69/103
 Frame 70/103
 Frame 71/103
 Frame 72/103
 Frame 73/103
 Frame 74/103
 Frame 75/103
 Frame 76/103
 Frame 77/103
 Frame 78/103
 Frame 79/103
 Frame 80/103
 Frame 81/103
 Frame 82/103
 Frame 83/103
 Frame 84/103
 Frame 85/103
 Frame 86/103
 Frame 87/103
 Frame 88/103
 Frame 89/103
 Frame 90/103
 Frame 91/103
 Frame 92/103
 Frame 93/103
 Frame 94/103
 Frame 95/103
 Frame 96/103
 Frame 97/103
 Frame 98/103
 Frame 99/103
 Frame 100/103
 Frame 101/103
 Frame 102/103
 Frame 103/103
Wrote JSON to curve.json
Python script executed successfully. Output: curve.json
Task 28 completed.
