Loading modules...
Job ID: 3091160, Array Task ID: 7
Parameters for Task 7:
A=1.3e+08, B=1.55e+08, N=0.5195, C=0.003511, M=1
Parameters for Task 7:
C=0.003511
Creating working directory: run_7
Substituting parameters into job.inp...
Current directory: /scratch/knecht/JC_Ensemble/run_7
Starting Abaqus simulation: job
Analysis initiated from SIMULIA established products
Abaqus JOB job
Abaqus 2023
Begin Analysis Input File Processor
Tue 20 May 2025 11:21:24 AM EDT
Run pre
Tue 20 May 2025 11:21:26 AM EDT
End Analysis Input File Processor
Begin Abaqus/Standard Analysis
Tue 20 May 2025 11:21:26 AM EDT
Run standard
Tue 20 May 2025 11:22:01 AM EDT
End Abaqus/Standard Analysis
Begin SIM Wrap-up
Tue 20 May 2025 11:22:01 AM EDT
Run SMASimUtility
Tue 20 May 2025 11:22:01 AM EDT
End SIM Wrap-up
Abaqus JOB job COMPLETED
Running Python script: /scratch/knecht/Johnson_Cook/extract_curves1.py on job.odb
Processing step: Ramp
 Frame 1/28
 Frame 2/28
 Frame 3/28
 Frame 4/28
 Frame 5/28
 Frame 6/28
 Frame 7/28
 Frame 8/28
 Frame 9/28
 Frame 10/28
 Frame 11/28
 Frame 12/28
 Frame 13/28
 Frame 14/28
 Frame 15/28
 Frame 16/28
 Frame 17/28
 Frame 18/28
 Frame 19/28
 Frame 20/28
 Frame 21/28
 Frame 22/28
 Frame 23/28
 Frame 24/28
 Frame 25/28
 Frame 26/28
 Frame 27/28
 Frame 28/28
Wrote JSON to curve.json
Python script executed successfully. Output: curve.json
Task 7 completed.
