Loading modules...
Job ID: 3091117, Array Task ID: 7
Parameters for Task 7:
A=1.3e+08, B=1.55e+08, N=0.5195, C=0.003511, M=1
Parameters for Task 7:
C=0.003511
Creating working directory: run_7
Substituting parameters into job.inp...
Current directory: /scratch/knecht/JC_Ensemble/run_7
Starting Abaqus simulation: job
Analysis initiated from SIMULIA established products
Abaqus JOB job
Abaqus 2023
Begin Analysis Input File Processor
Tue 20 May 2025 11:18:20 AM EDT
Run pre
Tue 20 May 2025 11:18:23 AM EDT
End Analysis Input File Processor
Begin Abaqus/Standard Analysis
Tue 20 May 2025 11:18:23 AM EDT
Run standard
Tue 20 May 2025 11:19:06 AM EDT
End Abaqus/Standard Analysis
Begin SIM Wrap-up
Tue 20 May 2025 11:19:06 AM EDT
Run SMASimUtility
Tue 20 May 2025 11:19:07 AM EDT
End SIM Wrap-up
Abaqus JOB job COMPLETED
Running Python script: /scratch/knecht/Johnson_Cook/extract_curves1.py on job.odb
Processing step: Ramp
 Frame 1/36
 Frame 2/36
 Frame 3/36
 Frame 4/36
 Frame 5/36
 Frame 6/36
 Frame 7/36
 Frame 8/36
 Frame 9/36
 Frame 10/36
 Frame 11/36
 Frame 12/36
 Frame 13/36
 Frame 14/36
 Frame 15/36
 Frame 16/36
 Frame 17/36
 Frame 18/36
 Frame 19/36
 Frame 20/36
 Frame 21/36
 Frame 22/36
 Frame 23/36
 Frame 24/36
 Frame 25/36
 Frame 26/36
 Frame 27/36
 Frame 28/36
 Frame 29/36
 Frame 30/36
 Frame 31/36
 Frame 32/36
 Frame 33/36
 Frame 34/36
 Frame 35/36
 Frame 36/36
Wrote JSON to curve.json
Python script executed successfully. Output: curve.json
Task 7 completed.
