Loading modules...
Job ID: 3082909, Array Task ID: 21
Parameters for Task 21:
A=3.6e+08, B=1.55e+08, N=0.5195, C=0.0001, M=1
Parameters for Task 21:
C=0.0001
Creating working directory: run_21
Substituting parameters into job.inp...
Current directory: /scratch/knecht/JC_Ensemble/run_21
Starting Abaqus simulation: job
Analysis initiated from SIMULIA established products
Abaqus JOB job
Abaqus 2023
Begin Analysis Input File Processor
Mon 19 May 2025 05:17:57 PM EDT
Run pre
Mon 19 May 2025 05:18:00 PM EDT
End Analysis Input File Processor
Begin Abaqus/Standard Analysis
Mon 19 May 2025 05:18:00 PM EDT
Run standard
Mon 19 May 2025 05:18:23 PM EDT
Abaqus Error: Abaqus/Standard Analysis exited with an error - Please see the 
message file for possible error messages if the file exists.
Begin SIM Wrap-up
Mon 19 May 2025 05:18:23 PM EDT
Run SMASimUtility
Mon 19 May 2025 05:18:24 PM EDT
End SIM Wrap-up
Abaqus/Analysis exited with errors
Running Python script: /scratch/knecht/Johnson_Cook/extract_curves1.py on job.odb
Processing step: Ramp
 Frame 1/6
 Frame 2/6
 Frame 3/6
 Frame 4/6
 Frame 5/6
 Frame 6/6
Wrote JSON to curve.json
Python script executed successfully. Output: curve.json
Task 21 completed.
