 Abaqus/Standard 2023                  DATE 23-May-2025 TIME 08:14:33
 SUMMARY OF JOB INFORMATION:
 STEP  INC ATT SEVERE EQUIL TOTAL  TOTAL      STEP       INC OF       DOF    IF
               DISCON ITERS ITERS  TIME/    TIME/LPF    TIME/LPF    MONITOR RIKS
               ITERS               FREQ
   1     1   1     0     5     5  1.00       1.00       1.000     
   1     2   1     0     4     4  2.00       2.00       1.000     
   1     3   1     0     2     2  3.00       3.00       1.000     
   1     4   1     0     2     2  4.50       4.50       1.500     
   1     5   1     0     2     2  6.75       6.75       2.250     
   1     6   1     0     2     2  10.1       10.1       3.375     
   1     7   1     0     2     2  15.2       15.2       5.062     
   1     8   1     0     2     2  22.8       22.8       7.594     
   1     9   1     0     2     2  32.8       32.8       10.00     
   1    10   1     0     2     2  42.8       42.8       10.00     
   1    11   1     0     2     2  52.8       52.8       10.00     
   1    12   1     0     2     2  62.8       62.8       10.00     
   1    13   1     0     2     2  72.8       72.8       10.00     
   1    14   1     0     2     2  82.8       82.8       10.00     
   1    15   1     0     2     2  92.8       92.8       10.00     
   1    16   1     0     2     2  103.       103.       10.00     
   1    17   1     0     2     2  113.       113.       10.00     
   1    18   1     0     2     2  123.       123.       10.00     
   1    19   1     0     2     2  133.       133.       10.00     
   1    20   1     0     2     2  143.       143.       10.00     
   1    21   1     0     2     2  153.       153.       10.00     
   1    22   1     0     2     2  163.       163.       10.00     
   1    23   1     0     2     2  173.       173.       10.00     
   1    24   1     0     2     2  183.       183.       10.00     
   1    25   1     0     2     2  193.       193.       10.00     
   1    26   1     0     2     2  203.       203.       10.00     
   1    27   1     0     2     2  213.       213.       10.00     
   1    28   1     0     2     2  223.       223.       10.00     
   1    29   1     0     2     2  233.       233.       10.00     
   1    30   1     0     2     2  236.       236.       3.419     
                          
 THE ANALYSIS HAS COMPLETED SUCCESSFULLY
