 Abaqus/Standard 2023                  DATE 23-May-2025 TIME 08:14:33
 SUMMARY OF JOB INFORMATION:
 STEP  INC ATT SEVERE EQUIL TOTAL  TOTAL      STEP       INC OF       DOF    IF
               DISCON ITERS ITERS  TIME/    TIME/LPF    TIME/LPF    MONITOR RIKS
               ITERS               FREQ
   1     1   1     0     5     5  1.00       1.00       1.000     
   1     2   1U    0     4     4  1.00       1.00       1.000     
   1     2   2     0     5     5  1.25       1.25       0.2500    
   1     3   1     0     2     2  1.50       1.50       0.2500    
   1     4   1     0     2     2  1.75       1.75       0.2500    
   1     5   1     0     2     2  2.12       2.12       0.3750    
   1     6   1     0     2     2  2.69       2.69       0.5625    
   1     7   1     0     2     2  3.53       3.53       0.8438    
   1     8   1     0     2     2  4.80       4.80       1.266     
   1     9   1     0     2     2  6.70       6.70       1.898     
   1    10   1     0     2     2  9.54       9.54       2.848     
   1    11   1     0     2     2  13.8       13.8       4.271     
   1    12   1     0     2     2  20.2       20.2       6.407     
   1    13   1     0     2     2  29.8       29.8       9.611     
   1    14   1     0     2     2  39.8       39.8       10.00     
   1    15   1     0     2     2  49.8       49.8       10.00     
   1    16   1     0     2     2  59.8       59.8       10.00     
   1    17   1     0     2     2  69.8       69.8       10.00     
   1    18   1     0     2     2  79.8       79.8       10.00     
   1    19   1     0     2     2  89.8       89.8       10.00     
   1    20   1     0     2     2  99.8       99.8       10.00     
   1    21   1     0     2     2  110.       110.       10.00     
   1    22   1     0     2     2  120.       120.       10.00     
   1    23   1     0     2     2  130.       130.       10.00     
   1    24   1     0     2     2  140.       140.       10.00     
   1    25   1     0     2     2  150.       150.       10.00     
   1    26   1     0     2     2  160.       160.       10.00     
   1    27   1     0     2     2  170.       170.       10.00     
   1    28   1     0     2     2  180.       180.       10.00     
   1    29   1     0     2     2  190.       190.       10.00     
   1    30   1     0     2     2  200.       200.       10.00     
   1    31   1     0     2     2  210.       210.       10.00     
   1    32   1     0     2     2  220.       220.       10.00     
   1    33   1     0     2     2  230.       230.       10.00     
   1    34   1     0     1     1  236.       236.       6.367     
                          
 THE ANALYSIS HAS COMPLETED SUCCESSFULLY
